src/app/components/CRCardCollection.tsx(26,27): error TS6133: 'accent' is declared but its value is never read.
src/app/components/ui/accordion.tsx(4,37): error TS2307: Cannot find module '@radix-ui/react-accordion' or its corresponding type declarations.
src/app/components/ui/alert-dialog.tsx(4,39): error TS2307: Cannot find module '@radix-ui/react-alert-dialog' or its corresponding type declarations.
src/app/components/ui/aspect-ratio.tsx(3,39): error TS2307: Cannot find module '@radix-ui/react-aspect-ratio' or its corresponding type declarations.
src/app/components/ui/avatar.tsx(4,34): error TS2307: Cannot find module '@radix-ui/react-avatar' or its corresponding type declarations.
src/app/components/ui/checkbox.tsx(4,36): error TS2307: Cannot find module '@radix-ui/react-checkbox' or its corresponding type declarations.
src/app/components/ui/collapsible.tsx(3,39): error TS2307: Cannot find module '@radix-ui/react-collapsible' or its corresponding type declarations.
src/app/components/ui/context-menu.tsx(4,39): error TS2307: Cannot find module '@radix-ui/react-context-menu' or its corresponding type declarations.
src/app/components/ui/dropdown-menu.tsx(4,40): error TS2307: Cannot find module '@radix-ui/react-dropdown-menu' or its corresponding type declarations.
src/app/components/ui/form.tsx(4,33): error TS2307: Cannot find module '@radix-ui/react-label' or its corresponding type declarations.
src/app/components/ui/hover-card.tsx(4,37): error TS2307: Cannot find module '@radix-ui/react-hover-card' or its corresponding type declarations.
src/app/components/ui/label.tsx(4,33): error TS2307: Cannot find module '@radix-ui/react-label' or its corresponding type declarations.
src/app/components/ui/menubar.tsx(4,35): error TS2307: Cannot find module '@radix-ui/react-menubar' or its corresponding type declarations.
src/app/components/ui/navigation-menu.tsx(2,42): error TS2307: Cannot find module '@radix-ui/react-navigation-menu' or its corresponding type declarations.
src/app/components/ui/popover.tsx(4,35): error TS2307: Cannot find module '@radix-ui/react-popover' or its corresponding type declarations.
src/app/components/ui/progress.tsx(4,36): error TS2307: Cannot find module '@radix-ui/react-progress' or its corresponding type declarations.
src/app/components/ui/radio-group.tsx(4,38): error TS2307: Cannot find module '@radix-ui/react-radio-group' or its corresponding type declarations.
src/app/components/ui/scroll-area.tsx(4,38): error TS2307: Cannot find module '@radix-ui/react-scroll-area' or its corresponding type declarations.
src/app/components/ui/select.tsx(4,34): error TS2307: Cannot find module '@radix-ui/react-select' or its corresponding type declarations.
src/app/components/ui/separator.tsx(4,37): error TS2307: Cannot find module '@radix-ui/react-separator' or its corresponding type declarations.
src/app/components/ui/slider.tsx(4,34): error TS2307: Cannot find module '@radix-ui/react-slider' or its corresponding type declarations.
src/app/components/ui/switch.tsx(4,34): error TS2307: Cannot find module '@radix-ui/react-switch' or its corresponding type declarations.
src/app/components/ui/tabs.tsx(4,32): error TS2307: Cannot find module '@radix-ui/react-tabs' or its corresponding type declarations.
src/app/components/ui/toggle-group.tsx(4,39): error TS2307: Cannot find module '@radix-ui/react-toggle-group' or its corresponding type declarations.
src/app/components/ui/toggle.tsx(4,34): error TS2307: Cannot find module '@radix-ui/react-toggle' or its corresponding type declarations.
src/app/components/ui/tooltip.tsx(4,35): error TS2307: Cannot find module '@radix-ui/react-tooltip' or its corresponding type declarations.
